// Jest Snapshot v1, https://goo.gl/fbAQLP

exports[`Login should render the Login Component correctly 1`] = `
<div
  className="login-wrapper"
>
  <div
    className="login-txt"
  >
    loginText
  </div>
  <button
    className="login-btn"
    id="login-button"
    onClick={[Function]}
  >
    login
  </button>
</div>
`;
